###############################################################################
#
# IAR ELF Linker V8.30.1.114/W32 for ARM                  16/Oct/2018  15:00:33
# Copyright 2007-2018 IAR Systems AB.
#
#    Output file  =  F:\hw\hw\EWARM\hw\Exe\hw.out
#    Map file     =  F:\hw\hw\EWARM\hw\List\hw.map
#    Command line =  
#        -f C:\Users\ADMINI~1\AppData\Local\Temp\EW575.tmp
#        (F:\hw\hw\EWARM\hw\Obj\main.o
#        F:\hw\hw\EWARM\hw\Obj\startup_stm32f407xx.o
#        F:\hw\hw\EWARM\hw\Obj\stm32f4xx_hal.o
#        F:\hw\hw\EWARM\hw\Obj\stm32f4xx_hal_cortex.o
#        F:\hw\hw\EWARM\hw\Obj\stm32f4xx_hal_dma.o
#        F:\hw\hw\EWARM\hw\Obj\stm32f4xx_hal_dma_ex.o
#        F:\hw\hw\EWARM\hw\Obj\stm32f4xx_hal_flash.o
#        F:\hw\hw\EWARM\hw\Obj\stm32f4xx_hal_flash_ex.o
#        F:\hw\hw\EWARM\hw\Obj\stm32f4xx_hal_flash_ramfunc.o
#        F:\hw\hw\EWARM\hw\Obj\stm32f4xx_hal_gpio.o
#        F:\hw\hw\EWARM\hw\Obj\stm32f4xx_hal_msp.o
#        F:\hw\hw\EWARM\hw\Obj\stm32f4xx_hal_pwr.o
#        F:\hw\hw\EWARM\hw\Obj\stm32f4xx_hal_pwr_ex.o
#        F:\hw\hw\EWARM\hw\Obj\stm32f4xx_hal_rcc.o
#        F:\hw\hw\EWARM\hw\Obj\stm32f4xx_hal_rcc_ex.o
#        F:\hw\hw\EWARM\hw\Obj\stm32f4xx_hal_spi.o
#        F:\hw\hw\EWARM\hw\Obj\stm32f4xx_hal_tim.o
#        F:\hw\hw\EWARM\hw\Obj\stm32f4xx_hal_tim_ex.o
#        F:\hw\hw\EWARM\hw\Obj\stm32f4xx_hal_uart.o
#        F:\hw\hw\EWARM\hw\Obj\stm32f4xx_it.o
#        F:\hw\hw\EWARM\hw\Obj\system_stm32f4xx.o --redirect
#        _Printf=_PrintfFull --redirect _Scanf=_ScanfFull --no_out_extension -o
#        F:\hw\hw\EWARM\hw\Exe\hw.out --map F:\hw\hw\EWARM\hw\List\hw.map
#        --config F:\hw\hw\EWARM/stm32f407xx_flash.icf --semihosting --entry
#        __iar_program_start --vfe --text_out locale)
#
###############################################################################

*******************************************************************************
*** RUNTIME MODEL ATTRIBUTES
***

CppFlavor       = *
__SystemLibrary = DLib
__dlib_version  = 6


*******************************************************************************
*** HEAP SELECTION
***

The basic heap was selected because no calls to memory allocation
functions were found in the application outside of system library
functions, and there are calls to deallocation functions in the
application.


*******************************************************************************
*** PLACEMENT SUMMARY
***

"A0":  place at 0x800'0000 { ro section .intvec };
"P1":  place in [from 0x800'0000 to 0x80f'ffff] { ro };
define block CSTACK with size = 1K, alignment = 8 { };
define block HEAP with size = 512, alignment = 8 { };
"P2":  place in [from 0x2000'0000 to 0x2001'ffff] {
          rw, block CSTACK, block HEAP };
initialize by copy { rw };

  Section            Kind         Address    Size  Object
  -------            ----         -------    ----  ------
"A0":                                       0x188
  .intvec            ro code   0x800'0000   0x188  startup_stm32f407xx.o [1]
                             - 0x800'0188   0x188

"P1":                                      0x6a71
  .text              ro code   0x800'0188  0x13d0  main.o [1]
  .text              ro code   0x800'1558   0x2aa  stm32f4xx_hal_spi.o [1]
  .text              ro code   0x800'1802    0x7a  lz77_init_single.o [4]
  .text              ro code   0x800'187c   0x1e4  stm32f4xx_hal_gpio.o [1]
  .text              ro code   0x800'1a60    0x1a  localtim.o [2]
  .text              ro code   0x800'1a7a    0x3a  zero_init3.o [4]
  .text              ro code   0x800'1ab4    0x40  sprintf.o [2]
  .text              ro code   0x800'1af4    0x34  stm32f4xx_hal.o [1]
  .text              ro code   0x800'1b28   0x56c  stm32f4xx_hal_uart.o [1]
  .text              ro code   0x800'2094    0xa6  ABImemcpy.o [4]
  .text              ro code   0x800'213a    0x26  xencoding_8859_1.o [2]
  .text              ro code   0x800'2160   0x39e  stm32f4xx_hal_tim.o [1]
  .text              ro code   0x800'24fe    0x1e  xsscin.o [2]
  .text              ro code   0x800'251c    0x4a  strcmp.o [4]
  .text              ro code   0x800'2566     0xa  xsprout.o [2]
  .text              ro code   0x800'2570    0x28  stm32f4xx_hal.o [1]
  .text              ro code   0x800'2598    0x28  sscanf.o [2]
  .text              ro code   0x800'25c0    0x36  strlen.o [4]
  .text              ro code   0x800'25f8   0x2f8  stm32f4xx_hal_rcc.o [1]
  .text              ro code   0x800'28f0   0x1ac  stm32f4xx_hal_rcc.o [1]
  .text              ro code   0x800'2a9c    0xe2  stm32f4xx_hal_cortex.o [1]
  .text              ro code   0x800'2b80    0x4a  stm32f4xx_hal_tim_ex.o [1]
  .text              ro code   0x800'2bcc   0x1a8  stm32f4xx_hal_msp.o [1]
  .text              ro code   0x800'2d74     0xc  stm32f4xx_hal.o [1]
  .text              ro code   0x800'2d80     0x4  xTzoff_nop.o [2]
  .text              ro code   0x800'2d84   0x104  xttotm.o [2]
  .text              ro code   0x800'2e88   0xf7a  xprintffull.o [2]
  .text              ro code   0x800'3e04    0x40  stm32f4xx_hal.o [1]
  .text              ro code   0x800'3e44    0x24  stm32f4xx_hal_dma.o [1]
  .text              ro code   0x800'3e68     0x2  stm32f4xx_hal_uart.o [1]
  .text              ro code   0x800'3e6a     0x2  stm32f4xx_hal_uart.o [1]
  .text              ro code   0x800'3e6c     0x2  stm32f4xx_hal_tim.o [1]
  .text              ro code   0x800'3e6e     0x2  stm32f4xx_hal_tim.o [1]
  .text              ro code   0x800'3e70     0x2  stm32f4xx_hal_tim_ex.o [1]
  .text              ro code   0x800'3e72     0x2  stm32f4xx_hal_tim.o [1]
  .text              ro code   0x800'3e74     0x2  stm32f4xx_hal_tim_ex.o [1]
  .text              ro code   0x800'3e76     0x2  stm32f4xx_hal_tim.o [1]
  .text              ro code   0x800'3e78   0xeb8  xscanffull.o [2]
  .text              ro code   0x800'4d30   0x230  I64DivMod.o [4]
  .text              ro code   0x800'4f60     0x6  xisdst_nop.o [2]
  .text              ro code   0x800'4f68    0x6c  xDaysTo.o [2]
  .text              ro code   0x800'4fd4   0x104  xlocale_c.o [2]
  .text              ro code   0x800'50d8    0x16  strchr.o [4]
  .text              ro code   0x800'50f0    0x40  xfail_s.o [2]
  .text              ro code   0x800'5130    0x58  memchr.o [4]
  .text              ro code   0x800'5188     0xa  xmbcurmax.o [2]
  .text              ro code   0x800'5194   0x1a2  DblMul.o [3]
  .text              ro code   0x800'5338    0x70  frexp.o [3]
  .text              ro code   0x800'53a8    0x2e  DblCmpLe.o [3]
  .text              ro code   0x800'53d8    0x2e  DblCmpGe.o [3]
  .text              ro code   0x800'5408   0x13a  ldexp.o [3]
  .text              ro code   0x800'5544    0x3a  DblToS32.o [3]
  .text              ro code   0x800'5580    0x22  S32ToDbl.o [3]
  .text              ro code   0x800'55a4    0xe2  DblSub.o [3]
  .text              ro code   0x800'5688   0x246  DblDiv.o [3]
  .text              ro code   0x800'58d0    0x28  DblToU32.o [3]
  .text              ro code   0x800'58f8    0x1a  U32ToDbl.o [3]
  .text              ro code   0x800'5914    0x3c  wctob.o [2]
  .text              ro code   0x800'5950    0x14  isspace.o [2]
  .text              ro code   0x800'5964    0x9e  iar_Stollx.o [2]
  .text              ro code   0x800'5a04   0x1bc  iar_Stoullx.o [2]
  .text              ro code   0x800'5bc0   0x578  strto64.o [3]
  .text              ro code   0x800'6138    0x14  isalpha.o [2]
  .text              ro code   0x800'614c    0x68  DblToFlt.o [3]
  .text              ro code   0x800'61b4     0x2  I64DivZer.o [4]
  .text              ro code   0x800'61b6     0x6  abort.o [2]
  .text              ro code   0x800'61bc   0x17a  DblAdd.o [3]
  .text              ro code   0x800'6336    0x14  tolower.o [2]
  .text              ro code   0x800'634a   0x122  iar_Stopfx.o [2]
  .text              ro code   0x800'646c   0x1c4  iar_Stoflt.o [2]
  .text              ro code   0x800'6630   0x21c  iar_Stoxflt.o [2]
  .text              ro code   0x800'684c    0x14  exit.o [5]
  .text              ro code   0x800'6860    0x60  system_stm32f4xx.o [1]
  .text              ro code   0x800'68c0    0x3c  stm32f4xx_it.o [1]
  .text              ro code   0x800'68fc    0x10  stm32f4xx_hal.o [1]
  .text              ro code   0x800'690c    0x28  data_init.o [4]
  .text              ro code   0x800'6934    0x22  fpinit_M.o [3]
  .iar.init_table    const     0x800'6958    0x20  - Linker created -
  .text              ro code   0x800'6978    0x1e  cmain.o [4]
  .text              ro code   0x800'6996     0x4  low_level_init.o [2]
  .text              ro code   0x800'699a     0x4  exit.o [2]
  .text              ro code   0x800'69a0     0xa  cexit.o [4]
  .text              ro code   0x800'69ac    0x10  startup_stm32f407xx.o [1]
  .text              ro code   0x800'69bc     0xc  cstartup_M.o [4]
  .rodata            const     0x800'69c8     0x8  system_stm32f4xx.o [1]
  .rodata            const     0x800'69d0     0x6  xlocale_c.o [2]
  .text              ro code   0x800'69d6     0x4  startup_stm32f407xx.o [1]
  .text              ro code   0x800'69da     0x4  startup_stm32f407xx.o [1]
  .text              ro code   0x800'69de     0x4  startup_stm32f407xx.o [1]
  .text              ro code   0x800'69e2     0x4  startup_stm32f407xx.o [1]
  .text              ro code   0x800'69e6     0x4  startup_stm32f407xx.o [1]
  .text              ro code   0x800'69ea     0x4  startup_stm32f407xx.o [1]
  .text              ro code   0x800'69ee     0x4  startup_stm32f407xx.o [1]
  .text              ro code   0x800'69f2     0x4  startup_stm32f407xx.o [1]
  .text              ro code   0x800'69f6     0x4  startup_stm32f407xx.o [1]
  .text              ro code   0x800'69fa     0x4  startup_stm32f407xx.o [1]
  .text              ro code   0x800'69fe     0x4  startup_stm32f407xx.o [1]
  .text              ro code   0x800'6a02     0x4  startup_stm32f407xx.o [1]
  .text              ro code   0x800'6a06     0x4  startup_stm32f407xx.o [1]
  .text              ro code   0x800'6a0a     0x4  startup_stm32f407xx.o [1]
  .text              ro code   0x800'6a0e     0x4  startup_stm32f407xx.o [1]
  .text              ro code   0x800'6a12     0x4  startup_stm32f407xx.o [1]
  .text              ro code   0x800'6a16     0x4  startup_stm32f407xx.o [1]
  .text              ro code   0x800'6a1a     0x4  startup_stm32f407xx.o [1]
  .text              ro code   0x800'6a1e     0x4  startup_stm32f407xx.o [1]
  .text              ro code   0x800'6a22     0x4  startup_stm32f407xx.o [1]
  .text              ro code   0x800'6a26     0x4  startup_stm32f407xx.o [1]
  .text              ro code   0x800'6a2a     0x4  startup_stm32f407xx.o [1]
  .text              ro code   0x800'6a2e     0x4  startup_stm32f407xx.o [1]
  .text              ro code   0x800'6a32     0x4  startup_stm32f407xx.o [1]
  .text              ro code   0x800'6a36     0x4  startup_stm32f407xx.o [1]
  .text              ro code   0x800'6a3a     0x4  startup_stm32f407xx.o [1]
  .text              ro code   0x800'6a3e     0x4  startup_stm32f407xx.o [1]
  .text              ro code   0x800'6a42     0x4  startup_stm32f407xx.o [1]
  .text              ro code   0x800'6a46     0x4  startup_stm32f407xx.o [1]
  .text              ro code   0x800'6a4a     0x4  startup_stm32f407xx.o [1]
  .text              ro code   0x800'6a4e     0x4  startup_stm32f407xx.o [1]
  .text              ro code   0x800'6a52     0x4  startup_stm32f407xx.o [1]
  .text              ro code   0x800'6a56     0x4  startup_stm32f407xx.o [1]
  .text              ro code   0x800'6a5a     0x4  startup_stm32f407xx.o [1]
  .text              ro code   0x800'6a5e     0x4  startup_stm32f407xx.o [1]
  .text              ro code   0x800'6a62     0x4  startup_stm32f407xx.o [1]
  .text              ro code   0x800'6a66     0x4  startup_stm32f407xx.o [1]
  .text              ro code   0x800'6a6a     0x4  startup_stm32f407xx.o [1]
  .text              ro code   0x800'6a6e     0x4  startup_stm32f407xx.o [1]
  .text              ro code   0x800'6a72     0x4  startup_stm32f407xx.o [1]
  .text              ro code   0x800'6a76     0x4  startup_stm32f407xx.o [1]
  .text              ro code   0x800'6a7a     0x4  startup_stm32f407xx.o [1]
  .text              ro code   0x800'6a7e     0x4  startup_stm32f407xx.o [1]
  .text              ro code   0x800'6a82     0x4  startup_stm32f407xx.o [1]
  .text              ro code   0x800'6a86     0x4  startup_stm32f407xx.o [1]
  .text              ro code   0x800'6a8a     0x4  startup_stm32f407xx.o [1]
  .text              ro code   0x800'6a8e     0x4  startup_stm32f407xx.o [1]
  .text              ro code   0x800'6a92     0x4  startup_stm32f407xx.o [1]
  .text              ro code   0x800'6a96     0x4  startup_stm32f407xx.o [1]
  .text              ro code   0x800'6a9a     0x4  startup_stm32f407xx.o [1]
  .text              ro code   0x800'6a9e     0x4  startup_stm32f407xx.o [1]
  .text              ro code   0x800'6aa2     0x4  startup_stm32f407xx.o [1]
  .text              ro code   0x800'6aa6     0x4  startup_stm32f407xx.o [1]
  .text              ro code   0x800'6aaa     0x4  startup_stm32f407xx.o [1]
  .text              ro code   0x800'6aae     0x4  startup_stm32f407xx.o [1]
  .text              ro code   0x800'6ab2     0x4  startup_stm32f407xx.o [1]
  .text              ro code   0x800'6ab6     0x4  startup_stm32f407xx.o [1]
  .text              ro code   0x800'6aba     0x4  startup_stm32f407xx.o [1]
  .text              ro code   0x800'6abe     0x4  startup_stm32f407xx.o [1]
  .text              ro code   0x800'6ac2     0x4  startup_stm32f407xx.o [1]
  .text              ro code   0x800'6ac6     0x4  startup_stm32f407xx.o [1]
  .text              ro code   0x800'6aca     0x4  startup_stm32f407xx.o [1]
  .text              ro code   0x800'6ace     0x4  startup_stm32f407xx.o [1]
  .text              ro code   0x800'6ad2     0x4  startup_stm32f407xx.o [1]
  .text              ro code   0x800'6ad6     0x4  startup_stm32f407xx.o [1]
  .text              ro code   0x800'6ada     0x4  startup_stm32f407xx.o [1]
  .text              ro code   0x800'6ade     0x4  startup_stm32f407xx.o [1]
  .text              ro code   0x800'6ae2     0x4  startup_stm32f407xx.o [1]
  .text              ro code   0x800'6ae6     0x4  startup_stm32f407xx.o [1]
  .text              ro code   0x800'6aea     0x4  startup_stm32f407xx.o [1]
  .text              ro code   0x800'6aee     0x4  startup_stm32f407xx.o [1]
  .text              ro code   0x800'6af2     0x4  startup_stm32f407xx.o [1]
  .text              ro code   0x800'6af6     0x4  startup_stm32f407xx.o [1]
  .text              ro code   0x800'6afa     0x4  startup_stm32f407xx.o [1]
  .text              ro code   0x800'6afe     0x4  startup_stm32f407xx.o [1]
  .text              ro code   0x800'6b02     0x4  startup_stm32f407xx.o [1]
  .rodata            const     0x800'6b06     0x0  zero_init3.o [4]
  .rodata            const     0x800'6b06     0x0  lz77_init_single.o [4]
  Initializer bytes  const     0x800'6b06    0xf3  <for P2-1>
                             - 0x800'6bf9  0x6a71

"P2", part 1 of 3:                          0xa54
  P2-1                        0x2000'0000   0xa54  <Init block>
    .data            inited   0x2000'0000   0x9c4  main.o [1]
    .data            inited   0x2000'09c4     0xc  stm32f4xx_hal.o [1]
    .data            inited   0x2000'09d0     0x4  system_stm32f4xx.o [1]
    .data            inited   0x2000'09d4    0x38  xlocale_c.o [2]
    .data            inited   0x2000'0a0c    0x48  xlocale_c.o [2]
                            - 0x2000'0a54   0xa54

"P2", part 2 of 3:                         0x14c4
  .bss               zero     0x2000'0a54  0x1000  main.o [1]
  .bss               zero     0x2000'1a54   0x400  main.o [1]
  .bss               zero     0x2000'1e54    0x58  main.o [1]
  .bss               zero     0x2000'1eac    0x3c  main.o [1]
  .bss               zero     0x2000'1ee8    0x2c  xttotm.o [2]
  .bss               zero     0x2000'1f14     0x4  xfail_s.o [2]
                            - 0x2000'1f18  0x14c4

"P2", part 3 of 3:                          0x400
  CSTACK                      0x2000'1f18   0x400  <Block>
    CSTACK           uninit   0x2000'1f18   0x400  <Block tail>
                            - 0x2000'2318   0x400

Unused ranges:

         From           To      Size
         ----           --      ----
   0x800'6bf9   0x80f'ffff  0xf'9407
  0x2000'2318  0x2001'ffff  0x1'dce8


*******************************************************************************
*** INIT TABLE
***

          Address      Size
          -------      ----
Zero (__iar_zero_init3)
    1 destination range, total size 0x14c4:
          0x2000'0a54  0x14c4

Copy/lz77 (__iar_lz77_init_single3)
    1 source range, total size 0xf3 (9% of destination):
           0x800'6b06    0xf3
    1 destination range, total size 0xa54:
          0x2000'0000   0xa54



*******************************************************************************
*** MODULE SUMMARY
***

    Module                  ro code  ro data  rw data
    ------                  -------  -------  -------
command line/config:
    -------------------------------------------------
    Total:

F:\hw\hw\EWARM\hw\Obj: [1]
    main.o                    5 072      229    7 768
    startup_stm32f407xx.o       712
    stm32f4xx_hal.o             184        1       12
    stm32f4xx_hal_cortex.o      226
    stm32f4xx_hal_dma.o          36
    stm32f4xx_hal_gpio.o        484
    stm32f4xx_hal_msp.o         424
    stm32f4xx_hal_rcc.o       1 188
    stm32f4xx_hal_spi.o         682
    stm32f4xx_hal_tim.o         934
    stm32f4xx_hal_tim_ex.o       78
    stm32f4xx_hal_uart.o      1 392
    stm32f4xx_it.o               60
    system_stm32f4xx.o           96        9        4
    -------------------------------------------------
    Total:                   11 568      239    7 784

dl7M_tlf.a: [2]
    abort.o                       6
    exit.o                        4
    iar_Stoflt.o                452
    iar_Stollx.o                158
    iar_Stopfx.o                290
    iar_Stoullx.o               444
    iar_Stoxflt.o               540
    isalpha.o                    20
    isspace.o                    20
    localtim.o                   26
    low_level_init.o              4
    sprintf.o                    64
    sscanf.o                     40
    tolower.o                    20
    wctob.o                      60
    xDaysTo.o                   108
    xTzoff_nop.o                  4
    xencoding_8859_1.o           38
    xfail_s.o                    64                 4
    xisdst_nop.o                  6
    xlocale_c.o                 260       18      128
    xmbcurmax.o                  10
    xprintffull.o             3 962
    xscanffull.o              3 768
    xsprout.o                    10
    xsscin.o                     30
    xttotm.o                    260                44
    -------------------------------------------------
    Total:                   10 668       18      176

m7M_tls.a: [3]
    DblAdd.o                    378
    DblCmpGe.o                   46
    DblCmpLe.o                   46
    DblDiv.o                    582
    DblMul.o                    418
    DblSub.o                    226
    DblToFlt.o                  104
    DblToS32.o                   58
    DblToU32.o                   40
    S32ToDbl.o                   34
    U32ToDbl.o                   26
    fpinit_M.o                   34
    frexp.o                     112
    ldexp.o                     314
    strto64.o                 1 400
    -------------------------------------------------
    Total:                    3 818

rt7M_tl.a: [4]
    ABImemcpy.o                 166
    I64DivMod.o                 560
    I64DivZer.o                   2
    cexit.o                      10
    cmain.o                      30
    cstartup_M.o                 12
    data_init.o                  40
    lz77_init_single.o          122
    memchr.o                     88
    strchr.o                     22
    strcmp.o                     74
    strlen.o                     54
    zero_init3.o                 58
    -------------------------------------------------
    Total:                    1 238

shb_l.a: [5]
    exit.o                       20
    -------------------------------------------------
    Total:                       20

    Gaps                         38        2
    Linker created                        32    1 024
-----------------------------------------------------
    Grand Total:             27 350      291    8 984


*******************************************************************************
*** ENTRY LIST
***

Entry                       Address    Size  Type      Object
-----                       -------    ----  ----      ------
.iar.init_table$$Base    0x800'6958           --   Gb  - Linker created -
.iar.init_table$$Limit   0x800'6978           --   Gb  - Linker created -
?main                    0x800'6979          Code  Gb  cmain.o [4]
AHBPrescTable            0x800'68b0    0x10  Data  Gb  system_stm32f4xx.o [1]
APBPrescTable            0x800'69c8     0x8  Data  Gb  system_stm32f4xx.o [1]
BusFault_Handler         0x800'68c7     0x2  Code  Gb  stm32f4xx_it.o [1]
CSTACK$$Base            0x2000'1f18           --   Gb  - Linker created -
CSTACK$$Limit           0x2000'2318           --   Gb  - Linker created -
CacheMore                0x800'5015    0x24  Code  Lc  xlocale_c.o [2]
DebugMon_Handler         0x800'68cd     0x2  Code  Gb  stm32f4xx_it.o [1]
Dtentox                  0x800'5d65   0x192  Code  Lc  strto64.o [3]
HAL_DMA_Abort_IT         0x800'3e45    0x24  Code  Gb  stm32f4xx_hal_dma.o [1]
HAL_Delay                0x800'2571    0x28  Code  Wk  stm32f4xx_hal.o [1]
HAL_GPIO_Init            0x800'187d   0x1a4  Code  Gb  stm32f4xx_hal_gpio.o [1]
HAL_GPIO_ReadPin         0x800'1a21     0xc  Code  Gb  stm32f4xx_hal_gpio.o [1]
HAL_GPIO_WritePin        0x800'1a2d     0x8  Code  Gb  stm32f4xx_hal_gpio.o [1]
HAL_GetTick              0x800'2d75     0xc  Code  Wk  stm32f4xx_hal.o [1]
HAL_IncTick              0x800'68fd    0x10  Code  Wk  stm32f4xx_hal.o [1]
HAL_Init                 0x800'1af5    0x30  Code  Gb  stm32f4xx_hal.o [1]
HAL_InitTick             0x800'3e05    0x40  Code  Wk  stm32f4xx_hal.o [1]
HAL_MspInit              0x800'2bcd    0x8e  Code  Gb  stm32f4xx_hal_msp.o [1]
HAL_NVIC_EnableIRQ       0x800'2b0b     0xa  Code  Gb  stm32f4xx_hal_cortex.o [1]
HAL_NVIC_SetPriority     0x800'2ad1    0x3a  Code  Gb  stm32f4xx_hal_cortex.o [1]
HAL_NVIC_SetPriorityGrouping
                         0x800'2ab7    0x1a  Code  Gb  stm32f4xx_hal_cortex.o [1]
HAL_RCC_ClockConfig      0x800'28f1    0xfe  Code  Gb  stm32f4xx_hal_rcc.o [1]
HAL_RCC_GetHCLKFreq      0x800'29fb     0x6  Code  Gb  stm32f4xx_hal_rcc.o [1]
HAL_RCC_GetPCLK1Freq     0x800'2a01    0x10  Code  Gb  stm32f4xx_hal_rcc.o [1]
HAL_RCC_GetPCLK2Freq     0x800'2a11     0xe  Code  Gb  stm32f4xx_hal_rcc.o [1]
HAL_RCC_OscConfig        0x800'25f9   0x2f8  Code  Wk  stm32f4xx_hal_rcc.o [1]
HAL_SPI_Init             0x800'1559    0x76  Code  Gb  stm32f4xx_hal_spi.o [1]
HAL_SPI_MspInit          0x800'2c5b    0x34  Code  Gb  stm32f4xx_hal_msp.o [1]
HAL_SPI_Transmit         0x800'15db   0x16a  Code  Gb  stm32f4xx_hal_spi.o [1]
HAL_SYSTICK_CLKSourceConfig
                         0x800'2b47    0x1a  Code  Gb  stm32f4xx_hal_cortex.o [1]
HAL_SYSTICK_Config       0x800'2b1f    0x28  Code  Gb  stm32f4xx_hal_cortex.o [1]
HAL_SYSTICK_IRQHandler   0x800'2b79     0x4  Code  Gb  stm32f4xx_hal_cortex.o [1]
HAL_TIMEx_BreakCallback
                         0x800'3e71     0x2  Code  Wk  stm32f4xx_hal_tim_ex.o [1]
HAL_TIMEx_CommutationCallback
                         0x800'3e75     0x2  Code  Wk  stm32f4xx_hal_tim_ex.o [1]
HAL_TIMEx_MasterConfigSynchronization
                         0x800'2b81    0x4a  Code  Gb  stm32f4xx_hal_tim_ex.o [1]
HAL_TIM_Base_Init        0x800'2161    0x1a  Code  Gb  stm32f4xx_hal_tim.o [1]
HAL_TIM_Base_MspInit     0x800'2c8f    0x66  Code  Gb  stm32f4xx_hal_msp.o [1]
HAL_TIM_Base_Start_IT    0x800'217b    0x16  Code  Gb  stm32f4xx_hal_tim.o [1]
HAL_TIM_ConfigClockSource
                         0x800'22fd    0xac  Code  Gb  stm32f4xx_hal_tim.o [1]
HAL_TIM_IRQHandler       0x800'21b5   0x142  Code  Gb  stm32f4xx_hal_tim.o [1]
HAL_TIM_PeriodElapsedCallback
                         0x800'08b3    0xce  Code  Gb  main.o [1]
HAL_UART_IRQHandler      0x800'1cab   0x14e  Code  Gb  stm32f4xx_hal_uart.o [1]
HAL_UART_Init            0x800'1b29    0x1e  Code  Gb  stm32f4xx_hal_uart.o [1]
HAL_UART_MspInit         0x800'2cf5    0x46  Code  Gb  stm32f4xx_hal_msp.o [1]
HAL_UART_Receive_IT      0x800'1c53    0x4c  Code  Gb  stm32f4xx_hal_uart.o [1]
HAL_UART_RxCpltCallback
                         0x800'0989    0x1e  Code  Gb  main.o [1]
HAL_UART_Transmit        0x800'1b9f    0xac  Code  Gb  stm32f4xx_hal_uart.o [1]
HardFault_Handler        0x800'68c3     0x2  Code  Gb  stm32f4xx_it.o [1]
LoadInt                  0x800'304b    0x7a  Code  Lc  xprintffull.o [2]
MX_GPIO_Init             0x800'0809    0x9c  Code  Lc  main.o [1]
MX_TIM1_Init             0x800'07bb    0x4e  Code  Lc  main.o [1]
MemManage_Handler        0x800'68c5     0x2  Code  Gb  stm32f4xx_it.o [1]
NMI_Handler              0x800'68c1     0x2  Code  Gb  stm32f4xx_it.o [1]
NVIC_SetPriority         0x800'2a9d    0x1a  Code  Lc  stm32f4xx_hal_cortex.o [1]
PendSV_Handler           0x800'68cf     0x2  Code  Gb  stm32f4xx_it.o [1]
Region$$Table$$Base      0x800'6958           --   Gb  - Linker created -
Region$$Table$$Limit     0x800'6978           --   Gb  - Linker created -
SPI_CheckFlag_BSY        0x800'17d1    0x1a  Code  Lc  stm32f4xx_hal_spi.o [1]
SPI_WaitFlagStateUntilTimeout
                         0x800'1745    0x8c  Code  Lc  stm32f4xx_hal_spi.o [1]
SVC_Handler              0x800'68cb     0x2  Code  Gb  stm32f4xx_it.o [1]
SysTick_Handler          0x800'68d1     0xe  Code  Gb  stm32f4xx_it.o [1]
SystemClock_Config       0x800'0713    0xa8  Code  Gb  main.o [1]
SystemCoreClock         0x2000'09d0     0x4  Data  Gb  system_stm32f4xx.o [1]
SystemInit               0x800'6861    0x3a  Code  Gb  system_stm32f4xx.o [1]
TIM1_BRK_TIM9_IRQHandler
                         0x800'68df     0x2  Code  Gb  stm32f4xx_it.o [1]
TIM1_CC_IRQHandler       0x800'68eb     0x2  Code  Gb  stm32f4xx_it.o [1]
TIM1_TRG_COM_TIM11_IRQHandler
                         0x800'68e9     0x2  Code  Gb  stm32f4xx_it.o [1]
TIM1_UP_TIM10_IRQHandler
                         0x800'68e1     0x2  Code  Gb  stm32f4xx_it.o [1]
TIM_Base_SetConfig       0x800'23d3    0x8e  Code  Gb  stm32f4xx_hal_tim.o [1]
TIM_ETR_SetConfig        0x800'24eb    0x14  Code  Lc  stm32f4xx_hal_tim.o [1]
TIM_ITRx_SetConfig       0x800'24db    0x10  Code  Lc  stm32f4xx_hal_tim.o [1]
TIM_TI1_ConfigInputStage
                         0x800'2495    0x1c  Code  Lc  stm32f4xx_hal_tim.o [1]
TIM_TI2_ConfigInputStage
                         0x800'24b7    0x24  Code  Lc  stm32f4xx_hal_tim.o [1]
UART_DMAAbortOnError     0x800'1e79     0xc  Code  Lc  stm32f4xx_hal_uart.o [1]
UART_EndRxTransfer       0x800'1e5d    0x1c  Code  Lc  stm32f4xx_hal_uart.o [1]
UART_Receive_IT          0x800'1e85    0x88  Code  Lc  stm32f4xx_hal_uart.o [1]
UART_SetConfig           0x800'1f0d   0x13e  Code  Lc  stm32f4xx_hal_uart.o [1]
UART_WaitOnFlagUntilTimeout
                         0x800'1df9    0x56  Code  Lc  stm32f4xx_hal_uart.o [1]
USART1_IRQHandler        0x800'68ed     0x6  Code  Gb  stm32f4xx_it.o [1]
UsageFault_Handler       0x800'68c9     0x2  Code  Gb  stm32f4xx_it.o [1]
_Encoding_8859_1_Mbrlen
                         0x800'2155     0x2  Code  Gb  xencoding_8859_1.o [2]
_Encoding_8859_1_Mbtowc
                         0x800'214d     0x8  Code  Gb  xencoding_8859_1.o [2]
_Encoding_8859_1_Wctomb
                         0x800'213b    0x12  Code  Gb  xencoding_8859_1.o [2]
_GenldFull               0x800'3add   0x274  Code  Lc  xprintffull.o [2]
_GetN                    0x800'3e79    0x22  Code  Lc  xscanffull.o [2]
_GetfldFull              0x800'40b7   0x12e  Code  Lc  xscanffull.o [2]
_GetfloatFull            0x800'4709   0x53a  Code  Lc  xscanffull.o [2]
_GetintFull              0x800'44e5   0x21e  Code  Lc  xscanffull.o [2]
_GetstrFull              0x800'4229   0x2bc  Code  Lc  xscanffull.o [2]
_LdtobFull               0x800'36b1   0x400  Code  Lc  xprintffull.o [2]
_LitobFull               0x800'3559   0x112  Code  Lc  xprintffull.o [2]
_LocaleC_isalpha         0x800'4fdb     0xc  Code  Gb  xlocale_c.o [2]
_LocaleC_islower         0x800'4fd5     0x4  Code  Gb  xlocale_c.o [2]
_LocaleC_isspace         0x800'4ff1    0x14  Code  Gb  xlocale_c.o [2]
_LocaleC_isupper         0x800'4fd9     0x2  Code  Gb  xlocale_c.o [2]
_LocaleC_tolower         0x800'5005     0xc  Code  Gb  xlocale_c.o [2]
_Locale_lconv           0x2000'09d4    0x38  Data  Lc  xlocale_c.o [2]
_PrintfFull              0x800'2e89   0x1aa  Code  Gb  xprintffull.o [2]
_PutcharsFull            0x800'3d51    0x2e  Code  Lc  xprintffull.o [2]
_PutfldFull              0x800'30c5   0x2d8  Code  Lc  xprintffull.o [2]
_PutstrFull              0x800'3493    0xc6  Code  Lc  xprintffull.o [2]
_PuttxtFull              0x800'339d    0xf6  Code  Lc  xprintffull.o [2]
_SProut                  0x800'2567     0xa  Code  Gb  xsprout.o [2]
_SScin                   0x800'24ff    0x1e  Code  Gb  xsscin.o [2]
_ScanfFull               0x800'3eb5   0x1e6  Code  Gb  xscanffull.o [2]
_Ttotm_ts               0x2000'1ee8    0x2c  Data  Lc  xttotm.o [2]
_Tzoff                   0x800'2d81     0x4  Code  Gb  xTzoff_nop.o [2]
_UngetN                  0x800'3e9b    0x1a  Code  Lc  xscanffull.o [2]
__aeabi_cdcmple          0x800'53a9          Code  Gb  DblCmpLe.o [3]
__aeabi_cdrcmple         0x800'53d9          Code  Gb  DblCmpGe.o [3]
__aeabi_d2f              0x800'614d          Code  Gb  DblToFlt.o [3]
__aeabi_d2iz             0x800'5545          Code  Gb  DblToS32.o [3]
__aeabi_d2uiz            0x800'58d1          Code  Gb  DblToU32.o [3]
__aeabi_dadd             0x800'61bd          Code  Gb  DblAdd.o [3]
__aeabi_ddiv             0x800'5689          Code  Gb  DblDiv.o [3]
__aeabi_dmul             0x800'5195          Code  Gb  DblMul.o [3]
__aeabi_dsub             0x800'55a5          Code  Gb  DblSub.o [3]
__aeabi_i2d              0x800'5581          Code  Gb  S32ToDbl.o [3]
__aeabi_ldiv0            0x800'61b5          Code  Gb  I64DivZer.o [4]
__aeabi_memcpy           0x800'2095          Code  Gb  ABImemcpy.o [4]
__aeabi_memcpy4          0x800'20b5          Code  Gb  ABImemcpy.o [4]
__aeabi_memcpy8          0x800'20b5          Code  Gb  ABImemcpy.o [4]
__aeabi_ui2d             0x800'58f9          Code  Gb  U32ToDbl.o [3]
__aeabi_uldivmod         0x800'4d31          Code  Gb  I64DivMod.o [4]
__cmain                  0x800'6979          Code  Gb  cmain.o [4]
__exit                   0x800'684d    0x14  Code  Gb  exit.o [5]
__iar_Daysto32           0x800'4f69    0x3a  Code  Gb  xDaysTo.o [2]
__iar_Fail_s             0x800'50f1    0x1c  Code  Gb  xfail_s.o [2]
__iar_Isdst32            0x800'4f61     0x6  Code  Gb  xisdst_nop.o [2]
__iar_Mbcurmax           0x800'5189     0xa  Code  Gb  xmbcurmax.o [2]
__iar_Memchr             0x800'5131          Code  Gb  memchr.o [4]
__iar_Sto64              0x800'5f09   0x19e  Code  Gb  strto64.o [3]
__iar_Stoflt             0x800'646d   0x1c4  Code  Gb  iar_Stoflt.o [2]
__iar_Stollx             0x800'5965    0x96  Code  Gb  iar_Stollx.o [2]
__iar_Stopfx             0x800'634b   0x122  Code  Gb  iar_Stopfx.o [2]
__iar_Stoullx            0x800'5a05   0x15c  Code  Gb  iar_Stoullx.o [2]
__iar_Stoxflt            0x800'6631   0x1e6  Code  Gb  iar_Stoxflt.o [2]
__iar_Stoxflt::digits    0x800'681c    0x18  Data  Lc  iar_Stoxflt.o [2]
__iar_Stoxflt::vals      0x800'6834    0x18  Data  Lc  iar_Stoxflt.o [2]
__iar_Strchr             0x800'50d9          Code  Gb  strchr.o [4]
__iar_Ttotm32            0x800'2d85    0xc6  Code  Gb  xttotm.o [2]
__iar_dadd               0x800'55b5          Code  Gb  DblSub.o [3]
__iar_data_init3         0x800'690d    0x28  Code  Gb  data_init.o [4]
__iar_dsub               0x800'61cd          Code  Gb  DblAdd.o [3]
__iar_dsubStart          0x800'61df          Code  Gb  DblAdd.o [3]
__iar_frexp              0x800'5345          Code  Gb  frexp.o [3]
__iar_frexpl             0x800'5345          Code  Gb  frexp.o [3]
__iar_globLocale        0x2000'0a0c    0x48  Data  Lc  xlocale_c.o [2]
__iar_global_Locale      0x800'5011     0x4  Code  Gb  xlocale_c.o [2]
__iar_init_vfp           0x800'6935          Code  Gb  fpinit_M.o [3]
__iar_ldexp64            0x800'5409          Code  Gb  ldexp.o [3]
__iar_lz77_init_single3
                         0x800'1803    0x7a  Code  Gb  lz77_init_single.o [4]
__iar_program_start      0x800'69bd          Code  Gb  cstartup_M.o [4]
__iar_scalbln64          0x800'5409          Code  Gb  ldexp.o [3]
__iar_scalbn64           0x800'5409          Code  Gb  ldexp.o [3]
__iar_softfp___iar_frexp64
                         0x800'5339          Code  Gb  frexp.o [3]
__iar_softfp_frexp       0x800'5339          Code  Gb  frexp.o [3]
__iar_softfp_frexpl      0x800'5339          Code  Gb  frexp.o [3]
__iar_zero_init3         0x800'1a7b    0x3a  Code  Gb  zero_init3.o [4]
__localtime32            0x800'1a61    0x1a  Code  Gb  localtim.o [2]
__low_level_init         0x800'6997     0x4  Code  Gb  low_level_init.o [2]
__vector_table           0x800'0000          Data  Gb  startup_stm32f407xx.o [1]
_call_main               0x800'6985          Code  Gb  cmain.o [4]
_exit                    0x800'69a1          Code  Gb  cexit.o [4]
_gLocale_mblen           0x800'50b7     0x4  Code  Gb  xlocale_c.o [2]
_gLocale_mblenInt        0x800'5039    0x2c  Code  Gb  xlocale_c.o [2]
_gLocale_mbtowc          0x800'50bb     0xc  Code  Gb  xlocale_c.o [2]
_gLocale_mbtowcInt       0x800'5065    0x42  Code  Gb  xlocale_c.o [2]
_gLocale_wctomb          0x800'50c7     0x4  Code  Gb  xlocale_c.o [2]
_gLocale_wctombInt       0x800'50b3     0x4  Code  Gb  xlocale_c.o [2]
_main                    0x800'6993          Code  Gb  cmain.o [4]
abort                    0x800'61b7     0x6  Code  Gb  abort.o [2]
blen                     0x800'037f    0x10  Code  Gb  main.o [1]
buff                    0x2000'0060     0x1  Data  Gb  main.o [1]
changetime               0x800'033d    0x42  Code  Gb  main.o [1]
charcpy                  0x800'0189    0x56  Code  Gb  main.o [1]
charss                   0x800'0a38   0x600  Data  Gb  main.o [1]
close                   0x2000'0084    0x20  Data  Gb  main.o [1]
con                     0x2000'04a4   0x400  Data  Gb  main.o [1]
ddiv                     0x800'5c8d    0xc8  Code  Lc  strto64.o [3]
digits                   0x800'5b70    0x28  Data  Lc  iar_Stoullx.o [2]
display                  0x800'023d    0x36  Code  Gb  main.o [1]
dm                      0x2000'1a54   0x400  Data  Gb  main.o [1]
dmul                     0x800'5bc1    0xca  Code  Lc  strto64.o [3]
espset                  0x2000'08a4    0xf0  Data  Gb  main.o [1]
exit                     0x800'699b     0x4  Code  Gb  exit.o [2]
head                    0x2000'0048     0x4  Data  Gb  main.o [1]
hspi1                   0x2000'1e54    0x58  Data  Gb  main.o [1]
htim1                   0x2000'1eac    0x3c  Data  Gb  main.o [1]
huart1                  0x2000'0000    0x40  Data  Gb  main.o [1]
info                    0x2000'0994    0x10  Data  Gb  main.o [1]
isalpha                  0x800'6139    0x14  Code  Gb  isalpha.o [2]
isspace                  0x800'5951    0x14  Code  Gb  isspace.o [2]
k1                      0x2000'0054     0x4  Data  Gb  main.o [1]
k2                      0x2000'0058     0x4  Data  Gb  main.o [1]
k3                      0x2000'005c     0x4  Data  Gb  main.o [1]
ldexp                    0x800'5409          Code  Gb  ldexp.o [3]
ldexpl                   0x800'5409          Code  Gb  ldexp.o [3]
lmos                     0x800'2e58    0x18  Data  Lc  xttotm.o [2]
lmos                     0x800'4fa4    0x18  Data  Lc  xDaysTo.o [2]
localeconv               0x800'50cb     0x4  Code  Gb  xlocale_c.o [2]
localtime                0x800'1a61    0x1a  Code  Gb  localtim.o [2]
main                     0x800'0461   0x294  Code  Gb  main.o [1]
memchr                   0x800'5131          Code  Gb  memchr.o [4]
mos                      0x800'2e70    0x18  Data  Lc  xttotm.o [2]
mos                      0x800'4fbc    0x18  Data  Lc  xDaysTo.o [2]
mp                      0x2000'0044     0x4  Data  Gb  main.o [1]
mpd                      0x800'027b    0x1a  Code  Gb  main.o [1]
ndigs                    0x800'5b98    0x28  Data  Lc  iar_Stoullx.o [2]
oled_cmd                 0x800'01df    0x28  Code  Gb  main.o [1]
oled_data                0x800'0207    0x16  Code  Gb  main.o [1]
pop                      0x800'038f    0x24  Code  Gb  main.o [1]
pop1                     0x800'03b3    0x24  Code  Gb  main.o [1]
pows                     0x800'60f0    0x48  Data  Lc  strto64.o [3]
push                     0x800'040f    0x52  Code  Gb  main.o [1]
ranmatch                 0x800'41e5    0x44  Code  Lc  xscanffull.o [2]
rcontent                 0x800'1238   0x320  Data  Gb  main.o [1]
reflash                  0x800'0295    0xa6  Code  Gb  main.o [1]
res                      0x800'1038   0x200  Data  Gb  main.o [1]
ress                    0x2000'00a4   0x400  Data  Gb  main.o [1]
scalbln                  0x800'5409          Code  Gb  ldexp.o [3]
scalblnl                 0x800'5409          Code  Gb  ldexp.o [3]
scalbn                   0x800'5409          Code  Gb  ldexp.o [3]
scalbnl                  0x800'5409          Code  Gb  ldexp.o [3]
scale                    0x800'366b    0x46  Code  Lc  xprintffull.o [2]
sec_hand                0x2000'1f14     0x4  Data  Lc  xfail_s.o [2]
send                    0x2000'0064    0x20  Data  Gb  main.o [1]
set2                    0x2000'09a4    0x20  Data  Gb  main.o [1]
sprintf                  0x800'1ab5    0x40  Code  Gb  sprintf.o [2]
sscanf                   0x800'2599    0x28  Code  Gb  sscanf.o [2]
strchr                   0x800'50d9          Code  Gb  strchr.o [4]
strcmp                   0x800'251d          Code  Gb  strcmp.o [4]
strlen                   0x800'25c1          Code  Gb  strlen.o [4]
strtoll                  0x800'59fd     0x2  Code  Gb  iar_Stollx.o [2]
strtoull                 0x800'5b69     0x2  Code  Gb  iar_Stoullx.o [2]
tail                    0x2000'004c     0x4  Data  Gb  main.o [1]
timestamp               0x2000'0040     0x4  Data  Gb  main.o [1]
tms                     0x2000'0050     0x4  Data  Gb  main.o [1]
tolower                  0x800'6337    0x14  Code  Gb  tolower.o [2]
ubuf                    0x2000'0a54  0x1000  Data  Gb  main.o [1]
uwTick                  0x2000'09c8     0x4  Data  Gb  stm32f4xx_hal.o [1]
uwTickFreq              0x2000'09c4     0x1  Data  Gb  stm32f4xx_hal.o [1]
uwTickPrio              0x2000'09cc     0x4  Data  Gb  stm32f4xx_hal.o [1]
wctob                    0x800'5915    0x32  Code  Gb  wctob.o [2]


[1] = F:\hw\hw\EWARM\hw\Obj
[2] = dl7M_tlf.a
[3] = m7M_tls.a
[4] = rt7M_tl.a
[5] = shb_l.a

  27 350 bytes of readonly  code memory
     291 bytes of readonly  data memory
   8 984 bytes of readwrite data memory

Errors: none
Warnings: none
